// Jest Snapshot v1, https://goo.gl/fbAQLP

exports[`BookingForm renders correctly when open 1`] = `
<div>
  <div
    class="fixed inset-0 z-50 flex items-center justify-center"
  >
    <div
      class="absolute inset-0 bg-black bg-opacity-50"
    />
    <div
      class="relative bg-white rounded-[30px] p-8 w-full max-w-2xl max-h-[90vh] overflow-y-auto"
    >
      <button
        class="absolute right-6 top-6 text-gray-500 hover:text-gray-700"
      >
        <div
          data-testid="close-icon"
        />
      </button>
      <h2
        class="text-2xl font-bold mb-6"
      >
        Booking Service Appointment
      </h2>
      <form
        class="space-y-6"
        data-testid="booking-form"
      >
        <div
          class="grid grid-cols-1 md:grid-cols-2 gap-6"
        >
          <div>
            <label
              class="block text-sm font-medium text-gray-700 mb-2"
              for="name"
            >
              Nama Lengkap*
            </label>
            <input
              class="w-full px-4 py-2 border border-gray-300 rounded-lg focus:ring-2 focus:ring-portto-light-gold focus:border-transparent"
              id="name"
              name="name"
              required=""
              type="text"
              value=""
            />
          </div>
          <div>
            <label
              class="block text-sm font-medium text-gray-700 mb-2"
              for="phone"
            >
              No. Telepon*
            </label>
            <input
              class="w-full px-4 py-2 border border-gray-300 rounded-lg focus:ring-2 focus:ring-portto-light-gold focus:border-transparent"
              id="phone"
              name="phone"
              required=""
              type="tel"
              value=""
            />
          </div>
        </div>
        <div>
          <label
            class="block text-sm font-medium text-gray-700 mb-2"
            for="address"
          >
            Alamat*
          </label>
          <input
            class="w-full px-4 py-2 border border-gray-300 rounded-lg focus:ring-2 focus:ring-portto-light-gold focus:border-transparent"
            id="address"
            name="address"
            required=""
            type="text"
            value=""
          />
        </div>
        <div
          class="grid grid-cols-1 md:grid-cols-2 gap-6"
        >
          <div>
            <label
              class="block text-sm font-medium text-gray-700 mb-2"
              for="date"
            >
              Tanggal Service* (Senin-Jumat)
            </label>
            <input
              class="w-full px-4 py-2 border border-gray-300 rounded-lg focus:ring-2 focus:ring-portto-light-gold focus:border-transparent [&::-webkit-calendar-picker-indicator]:cursor-pointer"
              id="date"
              min="2024-03-20"
              name="date"
              required=""
              type="date"
              value=""
            />
          </div>
          <div>
            <label
              class="block text-sm font-medium text-gray-700 mb-2"
              for="time"
            >
              Jam Service* (08:00 - 17:00)
            </label>
            <input
              class="w-full px-4 py-2 border border-gray-300 rounded-lg focus:ring-2 focus:ring-portto-light-gold focus:border-transparent [&::-webkit-calendar-picker-indicator]:appearance-none [&::-webkit-time-picker-indicator]:appearance-none"
              id="time"
              max="17:00"
              min="08:00"
              name="time"
              required=""
              type="time"
              value=""
            />
          </div>
        </div>
        <div
          class="grid grid-cols-1 md:grid-cols-2 gap-6"
        >
          <div>
            <label
              class="block text-sm font-medium text-gray-700 mb-2"
              for="vehicleModel"
            >
              Model Kendaraan*
            </label>
            <select
              class="w-full px-4 py-2 border border-gray-300 rounded-lg focus:ring-2 focus:ring-portto-light-gold focus:border-transparent"
              id="vehicleModel"
              name="vehicleModel"
              required=""
            >
              <option
                value=""
              >
                Pilih Model
              </option>
              <option
                value="Nissan Kicks"
              >
                Nissan Kicks
              </option>
              <option
                value="Nissan Livina"
              >
                Nissan Livina
              </option>
              <option
                value="Nissan Magnite"
              >
                Nissan Magnite
              </option>
              <option
                value="Nissan Serena"
              >
                Nissan Serena
              </option>
              <option
                value="Nissan Terra"
              >
                Nissan Terra
              </option>
              <option
                value="Lainnya"
              >
                Lainnya
              </option>
            </select>
          </div>
          <div>
            <label
              class="block text-sm font-medium text-gray-700 mb-2"
              for="serviceType"
            >
              Jenis Service*
            </label>
            <select
              class="w-full px-4 py-2 border border-gray-300 rounded-lg focus:ring-2 focus:ring-portto-light-gold focus:border-transparent"
              id="serviceType"
              name="serviceType"
              required=""
            >
              <option
                value=""
              >
                Pilih Service
              </option>
              <option
                value="Perawatan Berkala"
              >
                Perawatan Berkala
              </option>
              <option
                value="Perbaikan Umum"
              >
                Perbaikan Umum
              </option>
              <option
                value="Perbaikan AC"
              >
                Perbaikan AC
              </option>
              <option
                value="Tune Up"
              >
                Tune Up
              </option>
              <option
                value="Ganti Oli"
              >
                Ganti Oli
              </option>
              <option
                value="Lainnya"
              >
                Lainnya
              </option>
            </select>
          </div>
        </div>
        <div>
          <label
            class="block text-sm font-medium text-gray-700 mb-2"
            for="notes"
          >
            Catatan Tambahan
          </label>
          <textarea
            class="w-full px-4 py-2 border border-gray-300 rounded-lg focus:ring-2 focus:ring-portto-light-gold focus:border-transparent"
            id="notes"
            name="notes"
            placeholder="Jelaskan keluhan atau permintaan khusus Anda..."
            rows="3"
          />
        </div>
        <div
          class="flex justify-end gap-4"
        >
          <button
            class="px-6 py-2 border border-gray-300 rounded-full hover:bg-gray-50"
            type="button"
          >
            Batal
          </button>
          <button
            class="px-6 py-2 bg-portto-light-gold text-black rounded-full hover:shadow-[0_10px_20px_0_#FFE7C280] font-bold"
            type="submit"
          >
            Kirim via WhatsApp
          </button>
        </div>
      </form>
    </div>
  </div>
</div>
`;
